[1/30] not.cpp                      base= 1316.6ms  ns= 1310.5ms  anlz= 1482.2ms
[2/30] targets.c                    base=   35.6ms  ns=   32.0ms  anlz=   40.0ms
[3/30] debuginfo.c                  base=   58.4ms  ns=   70.4ms  anlz=  121.6ms
[4/30] HTMLReport.cpp               base= 9085.6ms  ns= 9571.4ms  anlz=16230.8ms
[5/30] regerror.c                   base=   38.6ms  ns=   43.0ms  anlz=   61.3ms
[6/30] TestPlugin.cpp               base= 7880.0ms  ns= 8048.0ms  anlz= 8235.6ms
[7/30] complexity.cc                base=  963.1ms  ns=  786.0ms  anlz= 4542.5ms
[8/30] MicrosoftDemangleNodes.cpp   base=  359.3ms  ns=  358.3ms  anlz=99804.6ms
[9/30] module.c                     base=   50.2ms  ns=   55.8ms  anlz=   76.5ms
[10/30] Dexp.cpp                     base=13108.5ms  ns=14149.3ms  anlz=20022.0ms
[11/30] blake3_dispatch.c            base=  539.1ms  ns=  509.0ms  anlz= 1441.2ms
[12/30] benchmark_name.cc            base=  566.4ms  ns=  540.7ms  anlz=  568.6ms
[13/30] check.cc                     base=  447.5ms  ns=  426.7ms  anlz=  442.6ms
[14/30] OrcV2CBindingsVeryLazy.c     base=   47.3ms  ns=   59.2ms  anlz=   85.1ms
[15/30] reporter.cc                  base=  808.4ms  ns=  928.5ms  anlz= 4166.7ms
[16/30] OrcV2CBindingsIRTransforms.c base=   49.2ms  ns=   58.7ms  anlz=   67.1ms
[17/30] OrcV2CBindingsBasicUsage.c   base=   50.0ms  ns=   53.3ms  anlz=   64.1ms
[18/30] FindHeaders.cpp              base= 8576.2ms  ns= 8844.7ms  anlz=13711.0ms
[19/30] DummyClangFuzzer.cpp         base=   27.6ms  ns=   30.1ms  anlz=   30.0ms
[20/30] libremarks.cpp               base=   31.6ms  ns=   31.2ms  anlz=   39.8ms
[21/30] include-all.c                base=   44.5ms  ns=   55.4ms  anlz=   53.4ms
[22/30] PairsAnalysis.cpp            base= 2222.5ms  ns= 2227.4ms  anlz= 6868.8ms
[23/30] timers.cc                    base=  862.8ms  ns=  825.8ms  anlz=  892.3ms
[24/30] gmock-all.cc                 base= 2730.6ms  ns= 3016.6ms  anlz= 2909.1ms
